\BOOKMARK [1][-]{section.1}{\376\377\000\311\000t\000a\000t\000\040\000d\000e\000\040\000l\000'\000a\000r\000t}{}% 1
\BOOKMARK [1][-]{section.2}{\376\377\000\311\000t\000u\000d\000e\000\040\000d\000e\000s\000\040\000a\000p\000p\000r\000o\000c\000h\000e\000s\000\040\000P\0002\000P\000\040\000s\000t\000r\000u\000c\000t\000u\000r\000\351\000e\000:\000\040\000L\000e\000s\000\040\000D\000H\000T\000s}{}% 2
\BOOKMARK [2][-]{subsection.2.1}{\376\377\000I\000n\000t\000r\000o\000d\000u\000c\000t\000i\000o\000n\000\040\000a\000u\000\040\000p\000r\000o\000b\000l\000\350\000m\000e\000\040\000d\000u\000\040\000L\000o\000o\000k\000u\000p\000\040\000\050\000r\000e\000f\000.\000\040\000S\000e\000c\000t\000i\000o\000n\000\040\0007\000.\0001\000\051}{section.2}% 3
\BOOKMARK [2][-]{subsection.2.2}{\376\377\000C\000o\000m\000p\000a\000r\000a\000i\000s\000o\000n\000\040\000d\000e\000s\000\040\000s\000t\000r\000a\000t\000\351\000g\000i\000e\000s\000\040\000d\000e\000\040\000r\000e\000c\000h\000e\000r\000c\000h\000e\000\040\000\050\000r\000e\000f\000.\000\040\000S\000e\000c\000t\000i\000o\000n\000\040\0007\000.\0001\000.\0001\000\040\000-\000\040\0007\000.\0001\000.\0005\000\051}{section.2}% 4
\BOOKMARK [2][-]{subsection.2.3}{\376\377\000F\000o\000n\000d\000a\000m\000e\000n\000t\000a\000u\000x\000\040\000d\000e\000s\000\040\000D\000i\000s\000t\000r\000i\000b\000u\000t\000e\000d\000\040\000H\000a\000s\000h\000\040\000T\000a\000b\000l\000e\000s\000\040\000\050\000r\000e\000f\000.\000\040\000S\000e\000c\000t\000i\000o\000n\000\040\0007\000.\0002\000\051}{section.2}% 5
\BOOKMARK [2][-]{subsection.2.4}{\376\377\000M\000\351\000c\000a\000n\000i\000s\000m\000e\000s\000\040\000d\000e\000s\000\040\000D\000H\000T\000s\000\040\000\050\000r\000e\000f\000.\000\040\000S\000e\000c\000t\000i\000o\000n\000\040\0007\000.\0003\000\051}{section.2}% 6
\BOOKMARK [2][-]{subsection.2.5}{\376\377\000I\000n\000t\000e\000r\000f\000a\000c\000e\000s\000\040\000d\000e\000s\000\040\000D\000H\000T\000s\000\040\000\050\000r\000e\000f\000.\000\040\000S\000e\000c\000t\000i\000o\000n\000\040\0007\000.\0004\000\051}{section.2}% 7
\BOOKMARK [2][-]{subsection.2.6}{\376\377\000C\000o\000n\000c\000l\000u\000s\000i\000o\000n\000s\000\040\000\050\000r\000e\000f\000.\000\040\000S\000e\000c\000t\000i\000o\000n\000\040\0007\000.\0005\000\051}{section.2}% 8
\BOOKMARK [1][-]{section.3}{\376\377\000\311\000t\000u\000d\000e\000\040\000d\000e\000\040\000l\000'\000a\000p\000p\000r\000o\000c\000h\000e\000\040\000h\000i\000\351\000r\000a\000r\000c\000h\000i\000s\000\351\000e\000\040\000:\000\040\000H\000B\000a\000s\000e}{}% 9
\BOOKMARK [2][-]{subsection.3.1}{\376\377\000P\000a\000r\000t\000i\000t\000i\000o\000n\000n\000e\000m\000e\000n\000t\000\040\000p\000a\000r\000\040\000p\000l\000a\000g\000e\000s\000\040\000d\000e\000\040\000c\000l\000\351\000s}{section.3}% 10
\BOOKMARK [2][-]{subsection.3.2}{\376\377\000A\000v\000a\000n\000t\000a\000g\000e\000s\000\040\000e\000t\000\040\000l\000i\000m\000i\000t\000e\000s}{section.3}% 11
\BOOKMARK [2][-]{subsection.3.3}{\376\377\000P\000o\000s\000i\000t\000i\000o\000n\000n\000e\000m\000e\000n\000t\000\040\000p\000a\000r\000\040\000r\000a\000p\000p\000o\000r\000t\000\040\000a\000u\000x\000\040\000D\000H\000T}{section.3}% 12
\BOOKMARK [1][-]{section.4}{\376\377\000C\000h\000o\000r\000d}{}% 13
\BOOKMARK [2][-]{subsection.4.1}{\376\377\000D\000e\000s\000i\000g\000n\000\040\000d\000u\000\040\000s\000y\000s\000t\000\350\000m\000e\000\040\000e\000t\000\040\000p\000h\000i\000l\000o\000s\000o\000p\000h\000i\000e}{section.4}% 14
\BOOKMARK [2][-]{subsection.4.2}{\376\377\000C\000o\000n\000s\000i\000s\000t\000e\000n\000t\000\040\000H\000a\000s\000h\000i\000n\000g\000\040\000e\000t\000\040\000l\000'\000I\000d\000e\000n\000t\000i\000f\000i\000e\000r\000\040\000C\000i\000r\000c\000l\000e}{section.4}% 15
\BOOKMARK [2][-]{subsection.4.3}{\376\377\000L\000o\000c\000a\000l\000i\000s\000a\000t\000i\000o\000n\000\040\000d\000e\000\040\000c\000l\000\351\000s\000\040\000s\000c\000a\000l\000a\000b\000l\000e\000\040\000:\000\040\000F\000i\000n\000g\000e\000r\000\040\000T\000a\000b\000l\000e\000s}{section.4}% 16
\BOOKMARK [2][-]{subsection.4.4}{\376\377\000T\000h\000\351\000o\000r\000\350\000m\000e\000s}{section.4}% 17
\BOOKMARK [2][-]{subsection.4.5}{\376\377\000A\000l\000g\000o\000r\000i\000t\000h\000m\000e\000s\000\040\000d\000e\000s\000\040\000n\001\123\000u\000d\000s}{section.4}% 18
\BOOKMARK [2][-]{subsection.4.6}{\376\377\000A\000l\000g\000o\000r\000i\000t\000h\000m\000e\000s\000\040\000d\000e\000\040\000l\000a\000\040\000F\000i\000n\000g\000e\000r\000\040\000T\000a\000b\000l\000e}{section.4}% 19
\BOOKMARK [1][-]{section.5}{\376\377\000P\000a\000s\000t\000r\000y}{}% 20
